---
source: prost-reflect/tests/main.rs
expression: actual
---
file:
  - name: test.proto
    dependency:
      - google/protobuf/descriptor.proto
    messageType:
      - name: Foo
        field:
          - name: foo
            number: 1
            label: LABEL_REPEATED
            type: TYPE_INT32
            jsonName: foo
    extension:
      - name: a
        extendee: ".google.protobuf.FileOptions"
        number: 1001
        label: LABEL_REPEATED
        type: TYPE_MESSAGE
        typeName: ".Foo"
        jsonName: a
    options:
      "[a]":
        - foo:
            - 1
            - 2
            - 3

